AR ipif_control_rd implementation C:/Xilinx/14.1/ISE_DS/EDK/hw/XilinxProcessorIPLib/pcores/rdpfifo_v4_02_a/hdl/vhdl/ipif_control_rd.vhd sub00/vhpl01 1404305677
AR rdpfifo_top implementation C:/Xilinx/14.1/ISE_DS/EDK/hw/XilinxProcessorIPLib/pcores/rdpfifo_v4_02_a/hdl/vhdl/rdpfifo_top.vhd sub00/vhpl07 1404305683
EN blkmem_wrapper NULL C:/Xilinx/14.1/ISE_DS/EDK/hw/XilinxProcessorIPLib/pcores/rdpfifo_v4_02_a/hdl/vhdl/blkmem_wrapper.vhd sub00/vhpl04 1404305680
AR blkmem_wrapper implementation C:/Xilinx/14.1/ISE_DS/EDK/hw/XilinxProcessorIPLib/pcores/rdpfifo_v4_02_a/hdl/vhdl/blkmem_wrapper.vhd sub00/vhpl05 1404305681
EN rdpfifo_dp_cntl NULL C:/Xilinx/14.1/ISE_DS/EDK/hw/XilinxProcessorIPLib/pcores/rdpfifo_v4_02_a/hdl/vhdl/rdpfifo_dp_cntl.vhd sub00/vhpl02 1404305678
EN ipif_control_rd NULL C:/Xilinx/14.1/ISE_DS/EDK/hw/XilinxProcessorIPLib/pcores/rdpfifo_v4_02_a/hdl/vhdl/ipif_control_rd.vhd sub00/vhpl00 1404305676
AR rdpfifo_dp_cntl implementation C:/Xilinx/14.1/ISE_DS/EDK/hw/XilinxProcessorIPLib/pcores/rdpfifo_v4_02_a/hdl/vhdl/rdpfifo_dp_cntl.vhd sub00/vhpl03 1404305679
EN rdpfifo_top NULL C:/Xilinx/14.1/ISE_DS/EDK/hw/XilinxProcessorIPLib/pcores/rdpfifo_v4_02_a/hdl/vhdl/rdpfifo_top.vhd sub00/vhpl06 1404305682
