V3 28
FL C:/Xilinx/14.1/ISE_DS/EDK/hw/XilinxProcessorIPLib/pcores/rdpfifo_v4_02_a/hdl/vhdl/blkmem_wrapper.vhd 2012/04/24.11:02:11 P.15xf
EN rdpfifo_v4_02_a/blkmem_wrapper 1404305680 \
      FL C:/Xilinx/14.1/ISE_DS/EDK/hw/XilinxProcessorIPLib/pcores/rdpfifo_v4_02_a/hdl/vhdl/blkmem_wrapper.vhd \
      PB ieee/std_logic_1164 1335251622 PB ieee/NUMERIC_STD 1335251627 \
      LB proc_common_v3_00_a EN proc_common_v3_00_a/blk_mem_gen_wrapper 1404305648 \
      PB proc_common_v3_00_a/family_support 1404305638
AR rdpfifo_v4_02_a/blkmem_wrapper/implementation 1404305681 \
      FL C:/Xilinx/14.1/ISE_DS/EDK/hw/XilinxProcessorIPLib/pcores/rdpfifo_v4_02_a/hdl/vhdl/blkmem_wrapper.vhd \
      EN rdpfifo_v4_02_a/blkmem_wrapper 1404305680 \
      CP proc_common_v3_00_a/blk_mem_gen_wrapper
FL C:/Xilinx/14.1/ISE_DS/EDK/hw/XilinxProcessorIPLib/pcores/rdpfifo_v4_02_a/hdl/vhdl/ipif_control_rd.vhd 2012/04/24.11:02:11 P.15xf
EN rdpfifo_v4_02_a/ipif_control_rd 1404305676 \
      FL C:/Xilinx/14.1/ISE_DS/EDK/hw/XilinxProcessorIPLib/pcores/rdpfifo_v4_02_a/hdl/vhdl/ipif_control_rd.vhd \
      PB ieee/std_logic_1164 1335251622 PB ieee/NUMERIC_STD 1335251627 \
      LB proc_common_v3_00_a PB proc_common_v3_00_a/proc_common_pkg 1404305634
AR rdpfifo_v4_02_a/ipif_control_rd/implementation 1404305677 \
      FL C:/Xilinx/14.1/ISE_DS/EDK/hw/XilinxProcessorIPLib/pcores/rdpfifo_v4_02_a/hdl/vhdl/ipif_control_rd.vhd \
      EN rdpfifo_v4_02_a/ipif_control_rd 1404305676 CP std_logic CP natural \
      CP std_logic_vector
FL C:/Xilinx/14.1/ISE_DS/EDK/hw/XilinxProcessorIPLib/pcores/rdpfifo_v4_02_a/hdl/vhdl/rdpfifo_dp_cntl.vhd 2012/04/24.11:02:11 P.15xf
EN rdpfifo_v4_02_a/rdpfifo_dp_cntl 1404305678 \
      FL C:/Xilinx/14.1/ISE_DS/EDK/hw/XilinxProcessorIPLib/pcores/rdpfifo_v4_02_a/hdl/vhdl/rdpfifo_dp_cntl.vhd \
      PB ieee/std_logic_1164 1335251622 PB ieee/NUMERIC_STD 1335251627 \
      LB proc_common_v3_00_a EN proc_common_v3_00_a/pf_counter_top 1404305641 \
      EN proc_common_v3_00_a/pf_occ_counter_top 1404305639 \
      EN proc_common_v3_00_a/pf_adder 1404305643
AR rdpfifo_v4_02_a/rdpfifo_dp_cntl/implementation 1404305679 \
      FL C:/Xilinx/14.1/ISE_DS/EDK/hw/XilinxProcessorIPLib/pcores/rdpfifo_v4_02_a/hdl/vhdl/rdpfifo_dp_cntl.vhd \
      EN rdpfifo_v4_02_a/rdpfifo_dp_cntl 1404305678 CP std_logic \
      CP transition_state_type CP std_logic_vector \
      CP proc_common_v3_00_a/pf_occ_counter_top \
      CP proc_common_v3_00_a/pf_counter_top CP boolean \
      CP proc_common_v3_00_a/pf_adder
FL C:/Xilinx/14.1/ISE_DS/EDK/hw/XilinxProcessorIPLib/pcores/rdpfifo_v4_02_a/hdl/vhdl/rdpfifo_top.vhd 2012/04/24.11:02:11 P.15xf
EN rdpfifo_v4_02_a/rdpfifo_top 1404305682 \
      FL C:/Xilinx/14.1/ISE_DS/EDK/hw/XilinxProcessorIPLib/pcores/rdpfifo_v4_02_a/hdl/vhdl/rdpfifo_top.vhd \
      PB ieee/std_logic_1164 1335251622 PB ieee/NUMERIC_STD 1335251627 \
      LB proc_common_v3_00_a EN proc_common_v3_00_a/pf_dpram_select 1404305652 \
      EN proc_common_v3_00_a/srl16_fifo 1404305650 \
      PB proc_common_v3_00_a/family_support 1404305638 LB rdpfifo_v4_02_a \
      EN rdpfifo_v4_02_a/ipif_control_rd 1404305676 \
      EN rdpfifo_v4_02_a/rdpfifo_dp_cntl 1404305678 \
      EN rdpfifo_v4_02_a/blkmem_wrapper 1404305680
AR rdpfifo_v4_02_a/rdpfifo_top/implementation 1404305683 \
      FL C:/Xilinx/14.1/ISE_DS/EDK/hw/XilinxProcessorIPLib/pcores/rdpfifo_v4_02_a/hdl/vhdl/rdpfifo_top.vhd \
      EN rdpfifo_v4_02_a/rdpfifo_top 1404305682 \
      CP rdpfifo_v4_02_a/ipif_control_rd CP rdpfifo_v4_02_a/rdpfifo_dp_cntl \
      CP proc_common_v3_00_a/pf_dpram_select CP rdpfifo_v4_02_a/blkmem_wrapper \
      CP proc_common_v3_00_a/srl16_fifo
