AR blkmem_wrapper implementation e:/Xilinx/14.1/ISE_DS/EDK/hw/XilinxProcessorIPLib/pcores/wrpfifo_v5_01_a/hdl/vhdl/blkmem_wrapper.vhd sub00/vhpl07 1548930037
AR wrpfifo_dp_cntl implementation e:/Xilinx/14.1/ISE_DS/EDK/hw/XilinxProcessorIPLib/pcores/wrpfifo_v5_01_a/hdl/vhdl/wrpfifo_dp_cntl.vhd sub00/vhpl05 1548930035
AR pf_dly1_mux implementation e:/Xilinx/14.1/ISE_DS/EDK/hw/XilinxProcessorIPLib/pcores/wrpfifo_v5_01_a/hdl/vhdl/pf_dly1_mux.vhd sub00/vhpl01 1548930029
AR ipif_control_wr_dre implementation e:/Xilinx/14.1/ISE_DS/EDK/hw/XilinxProcessorIPLib/pcores/wrpfifo_v5_01_a/hdl/vhdl/ipif_control_wr_dre.vhd sub00/vhpl03 1548930033
EN pf_dly1_mux NULL e:/Xilinx/14.1/ISE_DS/EDK/hw/XilinxProcessorIPLib/pcores/wrpfifo_v5_01_a/hdl/vhdl/pf_dly1_mux.vhd sub00/vhpl00 1548930028
AR wrpfifo_top implementation e:/Xilinx/14.1/ISE_DS/EDK/hw/XilinxProcessorIPLib/pcores/wrpfifo_v5_01_a/hdl/vhdl/wrpfifo_top.vhd sub00/vhpl09 1548930039
EN blkmem_wrapper NULL e:/Xilinx/14.1/ISE_DS/EDK/hw/XilinxProcessorIPLib/pcores/wrpfifo_v5_01_a/hdl/vhdl/blkmem_wrapper.vhd sub00/vhpl06 1548930036
EN wrpfifo_dp_cntl NULL e:/Xilinx/14.1/ISE_DS/EDK/hw/XilinxProcessorIPLib/pcores/wrpfifo_v5_01_a/hdl/vhdl/wrpfifo_dp_cntl.vhd sub00/vhpl04 1548930034
EN ipif_control_wr_dre NULL e:/Xilinx/14.1/ISE_DS/EDK/hw/XilinxProcessorIPLib/pcores/wrpfifo_v5_01_a/hdl/vhdl/ipif_control_wr_dre.vhd sub00/vhpl02 1548930032
EN wrpfifo_top NULL e:/Xilinx/14.1/ISE_DS/EDK/hw/XilinxProcessorIPLib/pcores/wrpfifo_v5_01_a/hdl/vhdl/wrpfifo_top.vhd sub00/vhpl08 1548930038
