V3 112
FL e:/Xilinx/14.1/ISE_DS/EDK/hw/XilinxProcessorIPLib/pcores/proc_common_v3_00_a/hdl/vhdl/blk_mem_gen_wrapper.vhd 2012/04/24.10:02:10 P.15xf
EN proc_common_v3_00_a/blk_mem_gen_wrapper 1548930014 \
      FL e:/Xilinx/14.1/ISE_DS/EDK/hw/XilinxProcessorIPLib/pcores/proc_common_v3_00_a/hdl/vhdl/blk_mem_gen_wrapper.vhd \
      PB ieee/std_logic_1164 1335251622 LB proc_common_v3_00_a \
      PH proc_common_v3_00_a/coregen_comp_defs 1548930011 \
      PB proc_common_v3_00_a/family_support 1548930004
AR proc_common_v3_00_a/blk_mem_gen_wrapper/implementation 1548930015 \
      FL e:/Xilinx/14.1/ISE_DS/EDK/hw/XilinxProcessorIPLib/pcores/proc_common_v3_00_a/hdl/vhdl/blk_mem_gen_wrapper.vhd \
      EN proc_common_v3_00_a/blk_mem_gen_wrapper 1548930014 CP blk_mem_gen_v2_7 \
      CP blk_mem_gen_v6_2
FL e:/Xilinx/14.1/ISE_DS/EDK/hw/XilinxProcessorIPLib/pcores/proc_common_v3_00_a/hdl/vhdl/coregen_comp_defs.vhd 2012/04/24.10:02:10 P.15xf
PH proc_common_v3_00_a/coregen_comp_defs 1548930011 \
      FL e:/Xilinx/14.1/ISE_DS/EDK/hw/XilinxProcessorIPLib/pcores/proc_common_v3_00_a/hdl/vhdl/coregen_comp_defs.vhd \
      PB ieee/std_logic_1164 1335251622 CD fifo_generator_v4_2 \
      CD fifo_generator_v4_3 CD fifo_generator_v5_1 CD fifo_generator_v5_2 \
      CD fifo_generator_v5_3 CD fifo_generator_v6_1 CD fifo_generator_v8_1 \
      CD fifo_generator_v8_2 CD fifo_generator_v8_3 CD blk_mem_gen_v2_7 \
      CD blk_mem_gen_v3_1 CD blk_mem_gen_v3_2 CD blk_mem_gen_v3_3 \
      CD blk_mem_gen_v4_1 CD blk_mem_gen_v5_2 CD blk_mem_gen_v6_2
FL e:/Xilinx/14.1/ISE_DS/EDK/hw/XilinxProcessorIPLib/pcores/proc_common_v3_00_a/hdl/vhdl/counter_f.vhd 2012/04/24.10:02:10 P.15xf
EN proc_common_v3_00_a/counter_f 1548930012 \
      FL e:/Xilinx/14.1/ISE_DS/EDK/hw/XilinxProcessorIPLib/pcores/proc_common_v3_00_a/hdl/vhdl/counter_f.vhd \
      PB ieee/std_logic_1164 1335251622 PB ieee/NUMERIC_STD 1335251627 LB unisim \
      LB proc_common_v3_00_a PB proc_common_v3_00_a/family_support 1548930004
AR proc_common_v3_00_a/counter_f/imp 1548930013 \
      FL e:/Xilinx/14.1/ISE_DS/EDK/hw/XilinxProcessorIPLib/pcores/proc_common_v3_00_a/hdl/vhdl/counter_f.vhd \
      EN proc_common_v3_00_a/counter_f 1548930012 CP std_logic_vector CP std_logic \
      CP MUXCY_L CP XORCY CP FDRE CP unsigned
FL e:/Xilinx/14.1/ISE_DS/EDK/hw/XilinxProcessorIPLib/pcores/proc_common_v3_00_a/hdl/vhdl/family_support.vhd 2012/04/24.10:02:10 P.15xf
PH proc_common_v3_00_a/family_support 1548930003 \
      FL e:/Xilinx/14.1/ISE_DS/EDK/hw/XilinxProcessorIPLib/pcores/proc_common_v3_00_a/hdl/vhdl/family_support.vhd
PB proc_common_v3_00_a/family_support 1548930004 \
      FL e:/Xilinx/14.1/ISE_DS/EDK/hw/XilinxProcessorIPLib/pcores/proc_common_v3_00_a/hdl/vhdl/family_support.vhd \
      PH proc_common_v3_00_a/family_support 1548930003
FL e:/Xilinx/14.1/ISE_DS/EDK/hw/XilinxProcessorIPLib/pcores/proc_common_v3_00_a/hdl/vhdl/inferred_lut4.vhd 2012/04/24.10:02:10 P.15xf
EN proc_common_v3_00_a/inferred_lut4 1548929989 \
      FL e:/Xilinx/14.1/ISE_DS/EDK/hw/XilinxProcessorIPLib/pcores/proc_common_v3_00_a/hdl/vhdl/inferred_lut4.vhd \
      PB ieee/std_logic_1164 1335251622 PB ieee/std_logic_arith 1335251623 \
      PB ieee/STD_LOGIC_UNSIGNED 1335251625
AR proc_common_v3_00_a/inferred_lut4/implementation 1548929990 \
      FL e:/Xilinx/14.1/ISE_DS/EDK/hw/XilinxProcessorIPLib/pcores/proc_common_v3_00_a/hdl/vhdl/inferred_lut4.vhd \
      EN proc_common_v3_00_a/inferred_lut4 1548929989
FL e:/Xilinx/14.1/ISE_DS/EDK/hw/XilinxProcessorIPLib/pcores/proc_common_v3_00_a/hdl/vhdl/ipif_pkg.vhd 2012/04/24.10:02:10 P.15xf
PH proc_common_v3_00_a/ipif_pkg 1548930024 \
      FL e:/Xilinx/14.1/ISE_DS/EDK/hw/XilinxProcessorIPLib/pcores/proc_common_v3_00_a/hdl/vhdl/ipif_pkg.vhd \
      PB ieee/std_logic_1164 1335251622 PB ieee/std_logic_arith 1335251623 \
      PB ieee/STD_LOGIC_UNSIGNED 1335251625
PB proc_common_v3_00_a/ipif_pkg 1548930025 \
      FL e:/Xilinx/14.1/ISE_DS/EDK/hw/XilinxProcessorIPLib/pcores/proc_common_v3_00_a/hdl/vhdl/ipif_pkg.vhd \
      PH proc_common_v3_00_a/ipif_pkg 1548930024 LB proc_common_v3_00_a \
      PB proc_common_v3_00_a/proc_common_pkg 1548930000
FL e:/Xilinx/14.1/ISE_DS/EDK/hw/XilinxProcessorIPLib/pcores/proc_common_v3_00_a/hdl/vhdl/or_gate128.vhd 2012/04/24.10:02:10 P.15xf
EN proc_common_v3_00_a/or_gate128 1548930022 \
      FL e:/Xilinx/14.1/ISE_DS/EDK/hw/XilinxProcessorIPLib/pcores/proc_common_v3_00_a/hdl/vhdl/or_gate128.vhd \
      PB ieee/std_logic_1164 1335251622 PB ieee/std_logic_arith 1335251623 \
      PB ieee/STD_LOGIC_UNSIGNED 1335251625 LB proc_common_v3_00_a
AR proc_common_v3_00_a/or_gate128/imp 1548930023 \
      FL e:/Xilinx/14.1/ISE_DS/EDK/hw/XilinxProcessorIPLib/pcores/proc_common_v3_00_a/hdl/vhdl/or_gate128.vhd \
      EN proc_common_v3_00_a/or_gate128 1548930022 CP std_logic_vector CP or_muxcy
FL e:/Xilinx/14.1/ISE_DS/EDK/hw/XilinxProcessorIPLib/pcores/proc_common_v3_00_a/hdl/vhdl/or_muxcy.vhd 2012/04/24.10:02:10 P.15xf
EN proc_common_v3_00_a/or_muxcy 1548930001 \
      FL e:/Xilinx/14.1/ISE_DS/EDK/hw/XilinxProcessorIPLib/pcores/proc_common_v3_00_a/hdl/vhdl/or_muxcy.vhd \
      PB ieee/std_logic_1164 1335251622 LB unisim
AR proc_common_v3_00_a/or_muxcy/implementation 1548930002 \
      FL e:/Xilinx/14.1/ISE_DS/EDK/hw/XilinxProcessorIPLib/pcores/proc_common_v3_00_a/hdl/vhdl/or_muxcy.vhd \
      EN proc_common_v3_00_a/or_muxcy 1548930001 CP std_logic_vector CP MUXCY
FL e:/Xilinx/14.1/ISE_DS/EDK/hw/XilinxProcessorIPLib/pcores/proc_common_v3_00_a/hdl/vhdl/pf_adder.vhd 2012/04/24.10:02:10 P.15xf
EN proc_common_v3_00_a/pf_adder 1548930009 \
      FL e:/Xilinx/14.1/ISE_DS/EDK/hw/XilinxProcessorIPLib/pcores/proc_common_v3_00_a/hdl/vhdl/pf_adder.vhd \
      PB ieee/std_logic_1164 1335251622 LB unisim
AR proc_common_v3_00_a/pf_adder/implementation 1548930010 \
      FL e:/Xilinx/14.1/ISE_DS/EDK/hw/XilinxProcessorIPLib/pcores/proc_common_v3_00_a/hdl/vhdl/pf_adder.vhd \
      EN proc_common_v3_00_a/pf_adder 1548930009 CP pf_adder_bit
FL e:/Xilinx/14.1/ISE_DS/EDK/hw/XilinxProcessorIPLib/pcores/proc_common_v3_00_a/hdl/vhdl/pf_adder_bit.vhd 2012/04/24.10:02:10 P.15xf
EN proc_common_v3_00_a/pf_adder_bit 1548929993 \
      FL e:/Xilinx/14.1/ISE_DS/EDK/hw/XilinxProcessorIPLib/pcores/proc_common_v3_00_a/hdl/vhdl/pf_adder_bit.vhd \
      PB ieee/std_logic_1164 1335251622 LB unisim LB proc_common_v3_00_a \
      EN proc_common_v3_00_a/inferred_lut4 1548929989
AR proc_common_v3_00_a/pf_adder_bit/implementation 1548929994 \
      FL e:/Xilinx/14.1/ISE_DS/EDK/hw/XilinxProcessorIPLib/pcores/proc_common_v3_00_a/hdl/vhdl/pf_adder_bit.vhd \
      EN proc_common_v3_00_a/pf_adder_bit 1548929993 CP inferred_lut4 CP MUXCY \
      CP XORCY CP FDRE
FL e:/Xilinx/14.1/ISE_DS/EDK/hw/XilinxProcessorIPLib/pcores/proc_common_v3_00_a/hdl/vhdl/pf_counter.vhd 2012/04/24.10:02:10 P.15xf
EN proc_common_v3_00_a/pf_counter 1548929995 \
      FL e:/Xilinx/14.1/ISE_DS/EDK/hw/XilinxProcessorIPLib/pcores/proc_common_v3_00_a/hdl/vhdl/pf_counter.vhd \
      PB ieee/std_logic_1164 1335251622 LB unisim PH unisim/VCOMPONENTS 1335251629 \
      LB proc_common_v3_00_a EN proc_common_v3_00_a/pf_counter_bit 1548929991
AR proc_common_v3_00_a/pf_counter/implementation 1548929996 \
      FL e:/Xilinx/14.1/ISE_DS/EDK/hw/XilinxProcessorIPLib/pcores/proc_common_v3_00_a/hdl/vhdl/pf_counter.vhd \
      EN proc_common_v3_00_a/pf_counter 1548929995 \
      CP proc_common_v3_00_a/pf_counter_bit CP FDRE
FL e:/Xilinx/14.1/ISE_DS/EDK/hw/XilinxProcessorIPLib/pcores/proc_common_v3_00_a/hdl/vhdl/pf_counter_bit.vhd 2012/04/24.10:02:10 P.15xf
EN proc_common_v3_00_a/pf_counter_bit 1548929991 \
      FL e:/Xilinx/14.1/ISE_DS/EDK/hw/XilinxProcessorIPLib/pcores/proc_common_v3_00_a/hdl/vhdl/pf_counter_bit.vhd \
      PB ieee/std_logic_1164 1335251622 LB unisim LB proc_common_v3_00_a \
      EN proc_common_v3_00_a/inferred_lut4 1548929989
AR proc_common_v3_00_a/pf_counter_bit/implementation 1548929992 \
      FL e:/Xilinx/14.1/ISE_DS/EDK/hw/XilinxProcessorIPLib/pcores/proc_common_v3_00_a/hdl/vhdl/pf_counter_bit.vhd \
      EN proc_common_v3_00_a/pf_counter_bit 1548929991 CP inferred_lut4 CP MUXCY \
      CP XORCY CP FDRE
FL e:/Xilinx/14.1/ISE_DS/EDK/hw/XilinxProcessorIPLib/pcores/proc_common_v3_00_a/hdl/vhdl/pf_counter_top.vhd 2012/04/24.10:02:10 P.15xf
EN proc_common_v3_00_a/pf_counter_top 1548930007 \
      FL e:/Xilinx/14.1/ISE_DS/EDK/hw/XilinxProcessorIPLib/pcores/proc_common_v3_00_a/hdl/vhdl/pf_counter_top.vhd \
      PB ieee/std_logic_1164 1335251622 LB unisim PH unisim/VCOMPONENTS 1335251629 \
      LB proc_common_v3_00_a EN proc_common_v3_00_a/pf_counter 1548929995
AR proc_common_v3_00_a/pf_counter_top/implementation 1548930008 \
      FL e:/Xilinx/14.1/ISE_DS/EDK/hw/XilinxProcessorIPLib/pcores/proc_common_v3_00_a/hdl/vhdl/pf_counter_top.vhd \
      EN proc_common_v3_00_a/pf_counter_top 1548930007 \
      CP proc_common_v3_00_a/pf_counter
FL e:/Xilinx/14.1/ISE_DS/EDK/hw/XilinxProcessorIPLib/pcores/proc_common_v3_00_a/hdl/vhdl/pf_dpram_select.vhd 2012/04/24.10:02:10 P.15xf
EN proc_common_v3_00_a/pf_dpram_select 1548930018 \
      FL e:/Xilinx/14.1/ISE_DS/EDK/hw/XilinxProcessorIPLib/pcores/proc_common_v3_00_a/hdl/vhdl/pf_dpram_select.vhd \
      PB ieee/std_logic_1164 1335251622 PB ieee/NUMERIC_STD 1335251627 LB unisim
AR proc_common_v3_00_a/pf_dpram_select/implementation 1548930019 \
      FL e:/Xilinx/14.1/ISE_DS/EDK/hw/XilinxProcessorIPLib/pcores/proc_common_v3_00_a/hdl/vhdl/pf_dpram_select.vhd \
      EN proc_common_v3_00_a/pf_dpram_select 1548930018 CP in CP out CP integer \
      CP dbus_slice_array CP pdbus_slice_array CP std_logic_vector CP std_logic \
      CP RAMB16_S36_S36 CP RAMB16_S18_S18 CP RAMB16_S9_S9 CP RAMB16_S4_S4 \
      CP RAMB16_S2_S2 CP RAMB16_S1_S1 CP RAMB4_S1_S1 CP RAMB4_S2_S2 CP RAMB4_S4_S4 \
      CP RAMB4_S8_S8 CP RAMB4_S16_S16
FL e:/Xilinx/14.1/ISE_DS/EDK/hw/XilinxProcessorIPLib/pcores/proc_common_v3_00_a/hdl/vhdl/pf_occ_counter.vhd 2012/04/24.10:02:10 P.15xf
EN proc_common_v3_00_a/pf_occ_counter 1548929997 \
      FL e:/Xilinx/14.1/ISE_DS/EDK/hw/XilinxProcessorIPLib/pcores/proc_common_v3_00_a/hdl/vhdl/pf_occ_counter.vhd \
      PB ieee/std_logic_1164 1335251622 LB unisim PH unisim/VCOMPONENTS 1335251629 \
      LB proc_common_v3_00_a EN proc_common_v3_00_a/pf_counter_bit 1548929991
AR proc_common_v3_00_a/pf_occ_counter/implementation 1548929998 \
      FL e:/Xilinx/14.1/ISE_DS/EDK/hw/XilinxProcessorIPLib/pcores/proc_common_v3_00_a/hdl/vhdl/pf_occ_counter.vhd \
      EN proc_common_v3_00_a/pf_occ_counter 1548929997 CP MUXCY \
      CP proc_common_v3_00_a/pf_counter_bit
FL e:/Xilinx/14.1/ISE_DS/EDK/hw/XilinxProcessorIPLib/pcores/proc_common_v3_00_a/hdl/vhdl/pf_occ_counter_top.vhd 2012/04/24.10:02:10 P.15xf
EN proc_common_v3_00_a/pf_occ_counter_top 1548930005 \
      FL e:/Xilinx/14.1/ISE_DS/EDK/hw/XilinxProcessorIPLib/pcores/proc_common_v3_00_a/hdl/vhdl/pf_occ_counter_top.vhd \
      PB ieee/std_logic_1164 1335251622 LB unisim PH unisim/VCOMPONENTS 1335251629 \
      LB proc_common_v3_00_a EN proc_common_v3_00_a/pf_occ_counter 1548929997
AR proc_common_v3_00_a/pf_occ_counter_top/implementation 1548930006 \
      FL e:/Xilinx/14.1/ISE_DS/EDK/hw/XilinxProcessorIPLib/pcores/proc_common_v3_00_a/hdl/vhdl/pf_occ_counter_top.vhd \
      EN proc_common_v3_00_a/pf_occ_counter_top 1548930005 \
      CP proc_common_v3_00_a/pf_occ_counter
FL e:/Xilinx/14.1/ISE_DS/EDK/hw/XilinxProcessorIPLib/pcores/proc_common_v3_00_a/hdl/vhdl/proc_common_pkg.vhd 2012/04/24.10:02:10 P.15xf
PH proc_common_v3_00_a/proc_common_pkg 1548929999 \
      FL e:/Xilinx/14.1/ISE_DS/EDK/hw/XilinxProcessorIPLib/pcores/proc_common_v3_00_a/hdl/vhdl/proc_common_pkg.vhd \
      PB ieee/std_logic_1164 1335251622 PB ieee/std_logic_arith 1335251623 \
      PB ieee/STD_LOGIC_UNSIGNED 1335251625
PB proc_common_v3_00_a/proc_common_pkg 1548930000 \
      FL e:/Xilinx/14.1/ISE_DS/EDK/hw/XilinxProcessorIPLib/pcores/proc_common_v3_00_a/hdl/vhdl/proc_common_pkg.vhd \
      PH proc_common_v3_00_a/proc_common_pkg 1548929999
FL e:/Xilinx/14.1/ISE_DS/EDK/hw/XilinxProcessorIPLib/pcores/proc_common_v3_00_a/hdl/vhdl/pselect_f.vhd 2012/04/24.10:02:10 P.15xf
EN proc_common_v3_00_a/pselect_f 1548930020 \
      FL e:/Xilinx/14.1/ISE_DS/EDK/hw/XilinxProcessorIPLib/pcores/proc_common_v3_00_a/hdl/vhdl/pselect_f.vhd \
      PB ieee/std_logic_1164 1335251622 LB unisim LB proc_common_v3_00_a \
      PB proc_common_v3_00_a/family_support 1548930004
AR proc_common_v3_00_a/pselect_f/imp 1548930021 \
      FL e:/Xilinx/14.1/ISE_DS/EDK/hw/XilinxProcessorIPLib/pcores/proc_common_v3_00_a/hdl/vhdl/pselect_f.vhd \
      EN proc_common_v3_00_a/pselect_f 1548930020 CP integer CP std_logic_vector \
      CP natural CP positive CP MUXCY
FL e:/Xilinx/14.1/ISE_DS/EDK/hw/XilinxProcessorIPLib/pcores/proc_common_v3_00_a/hdl/vhdl/srl16_fifo.vhd 2012/04/24.10:02:10 P.15xf
EN proc_common_v3_00_a/srl16_fifo 1548930016 \
      FL e:/Xilinx/14.1/ISE_DS/EDK/hw/XilinxProcessorIPLib/pcores/proc_common_v3_00_a/hdl/vhdl/srl16_fifo.vhd \
      LB unisim PH unisim/VCOMPONENTS 1335251629 LB proc_common_v3_00_a \
      EN proc_common_v3_00_a/pf_adder 1548930009 \
      EN proc_common_v3_00_a/pf_counter_top 1548930007 \
      EN proc_common_v3_00_a/pf_occ_counter_top 1548930005 PB ieee/std_logic_1164 1335251622 \
      PB ieee/std_logic_arith 1335251623 PB ieee/STD_LOGIC_UNSIGNED 1335251625
AR proc_common_v3_00_a/srl16_fifo/implementation 1548930017 \
      FL e:/Xilinx/14.1/ISE_DS/EDK/hw/XilinxProcessorIPLib/pcores/proc_common_v3_00_a/hdl/vhdl/srl16_fifo.vhd \
      EN proc_common_v3_00_a/srl16_fifo 1548930016 \
      CP proc_common_v3_00_a/pf_occ_counter_top \
      CP proc_common_v3_00_a/pf_counter_top CP SRL16E CP boolean CP integer \
      CP std_logic_vector CP proc_common_v3_00_a/pf_adder
