AR wrpfifo_dp_cntl implementation C:/Xilinx/14.1/ISE_DS/EDK/hw/XilinxProcessorIPLib/pcores/wrpfifo_v5_01_a/hdl/vhdl/wrpfifo_dp_cntl.vhd sub00/vhpl05 1404305673
EN blkmem_wrapper NULL C:/Xilinx/14.1/ISE_DS/EDK/hw/XilinxProcessorIPLib/pcores/wrpfifo_v5_01_a/hdl/vhdl/blkmem_wrapper.vhd sub00/vhpl06 1404305674
AR pf_dly1_mux implementation C:/Xilinx/14.1/ISE_DS/EDK/hw/XilinxProcessorIPLib/pcores/wrpfifo_v5_01_a/hdl/vhdl/pf_dly1_mux.vhd sub00/vhpl01 1404305665
AR blkmem_wrapper implementation C:/Xilinx/14.1/ISE_DS/EDK/hw/XilinxProcessorIPLib/pcores/wrpfifo_v5_01_a/hdl/vhdl/blkmem_wrapper.vhd sub00/vhpl07 1404305675
AR wrpfifo_top implementation C:/Xilinx/14.1/ISE_DS/EDK/hw/XilinxProcessorIPLib/pcores/wrpfifo_v5_01_a/hdl/vhdl/wrpfifo_top.vhd sub00/vhpl09 1404305685
EN pf_dly1_mux NULL C:/Xilinx/14.1/ISE_DS/EDK/hw/XilinxProcessorIPLib/pcores/wrpfifo_v5_01_a/hdl/vhdl/pf_dly1_mux.vhd sub00/vhpl00 1404305664
EN wrpfifo_dp_cntl NULL C:/Xilinx/14.1/ISE_DS/EDK/hw/XilinxProcessorIPLib/pcores/wrpfifo_v5_01_a/hdl/vhdl/wrpfifo_dp_cntl.vhd sub00/vhpl04 1404305672
EN ipif_control_wr_dre NULL C:/Xilinx/14.1/ISE_DS/EDK/hw/XilinxProcessorIPLib/pcores/wrpfifo_v5_01_a/hdl/vhdl/ipif_control_wr_dre.vhd sub00/vhpl02 1404305670
EN wrpfifo_top NULL C:/Xilinx/14.1/ISE_DS/EDK/hw/XilinxProcessorIPLib/pcores/wrpfifo_v5_01_a/hdl/vhdl/wrpfifo_top.vhd sub00/vhpl08 1404305684
AR ipif_control_wr_dre implementation C:/Xilinx/14.1/ISE_DS/EDK/hw/XilinxProcessorIPLib/pcores/wrpfifo_v5_01_a/hdl/vhdl/ipif_control_wr_dre.vhd sub00/vhpl03 1404305671
